---
source: crates/text/tests/prepare/snapshots.rs
expression: "snapshot(fixture(Language::De), Language::De)"
---
0: "Der Leuchtturmwärter"
  2..23 "Der Leuchtturmwärter"
1: "Als die Herbststürme endlich die Nordküste der Insel erreichten, stieg der alte Wärter in diesem Jahr zum letzten Mal die lange Wendeltreppe hinauf, und er zählte jede Stufe, wie er es seit seiner Kindheit getan hatte."
  25..247 "Als die Herbststürme endlich die Nordküste der Insel erreichten, stieg der alte Wärter in diesem Jahr zum letzten Mal die lange Wendeltreppe hinauf, und er zählte jede Stufe, wie er es seit seiner Kindheit getan hatte."
2: "Herr Brandt hütete das Licht seit vierzig Jahren."
  248..298 "Herr Brandt hütete das Licht seit vierzig Jahren."
3: "Er kannte jeden Riss im Stein und jedes Klirren des Glases."
  299..358 "Er kannte jeden Riss im Stein und jedes Klirren des Glases."
4: "Das Meer war in dieser Nacht grau und schwer, und der Wind trug den Geruch von Salz und nassen Tauen über die Klippen."
  359..478 "Das Meer war in dieser Nacht grau und schwer, und der Wind trug den Geruch von Salz und nassen Tauen über die Klippen."
5: "Dr. Weber kam mit der Frühfähre vom Festland."
  480..527 "Dr. Weber kam mit der Frühfähre vom Festland."
6: "Sie trug eine kleine Ledertasche und einen Brief vom Hafenamt."
  528..590 "Sie trug eine kleine Ledertasche und einen Brief vom Hafenamt."
7: "\"Sie müssen die Ärztin sein\", sagte Herr Brandt und hielt die Tür gegen den Wind."
  591..675 "\"Sie müssen die Ärztin sein\", sagte Herr Brandt und hielt die Tür gegen den Wind."
8: "\"Das bin ich\", antwortete sie."
  676..706 "\"Das bin ich\", antwortete sie."
9: "\"Ich bin gekommen, so schnell ich konnte.\""
  707..749 "\"Ich bin gekommen, so schnell ich konnte.\""
10: "Die beiden setzten sich an den Ofen, während der Kessel zu singen begann."
  750..824 "Die beiden setzten sich an den Ofen, während der Kessel zu singen begann."
11: "Der Brief war kurz."
  826..845 "Der Brief war kurz."
12: "Er besagte, dass die Lampe bald durch ein automatisches Licht ersetzt würde und dass der Wärter am Ende der Saison in den Ruhestand gehe."
  846..985 "Er besagte, dass die Lampe bald durch ein automatisches Licht ersetzt würde und dass der Wärter am Ende der Saison in den Ruhestand gehe."
13: "Herr Brandt las ihn zweimal und faltete ihn entlang der alten Falten."
  986..1055 "Herr Brandt las ihn zweimal und faltete ihn entlang der alten Falten."
14: "Er sagte lange nichts."
  1056..1078 "Er sagte lange nichts."
15: "Dann fragte er nach dem Wetter auf dem Wasser, denn das war das Einzige, was für ihn zählte."
  1079..1173 "Dann fragte er nach dem Wetter auf dem Wasser, denn das war das Einzige, was für ihn zählte."
16: "Der Turm war genau 31,5 Meter hoch, und die Lampe drehte sich alle 12,5 Sekunden einmal."
  1175..1263 "Der Turm war genau 31,5 Meter hoch, und die Lampe drehte sich alle 12,5 Sekunden einmal."
17: "Dr. Weber vermaß die Treppe mit einem Band und schrieb die Zahlen in ein Heft."
  1264..1343 "Dr. Weber vermaß die Treppe mit einem Band und schrieb die Zahlen in ein Heft."
18: "Sie mochte Zahlen, und sie mochte es, dass sie gleich blieben, wenn sich alles andere veränderte."
  1344..1442 "Sie mochte Zahlen, und sie mochte es, dass sie gleich blieben, wenn sich alles andere veränderte."
19: "Pi, sagte sie, beträgt etwa 3,14, und kein Sturm wird das jemals ändern."
  1443..1517 "Pi, sagte sie, beträgt etwa 3,14, und kein Sturm wird das jemals ändern."
20: "Nach dem Abendessen stiegen sie gemeinsam in den Laternenraum."
  1519..1581 "Nach dem Abendessen stiegen sie gemeinsam in den Laternenraum."
21: "Die Linse war so groß wie ein Mann und glänzte wie ein Eisblock."
  1582..1648 "Die Linse war so groß wie ein Mann und glänzte wie ein Eisblock."
22: "Frau Keller, die Köchin, hatte einen Korb mit Brot, Käse und Äpfeln heraufgeschickt, und sie aßen schweigend, während der Lichtstrahl über das dunkle Wasser glitt."
  1649..1818 "Frau Keller, die Köchin, hatte einen Korb mit Brot, Käse und Äpfeln heraufgeschickt, und sie aßen schweigend, während der Lichtstrahl über das dunkle Wasser glitt."
23: "Weit unten fuhr ein kleines Fischerboot dem Hafen entgegen."
  1819..1878 "Weit unten fuhr ein kleines Fischerboot dem Hafen entgegen."
24: "Der Wärter hatte neben dem Fenster eine kurze Liste an die Wand geschrieben:"
  1880..1957 "Der Wärter hatte neben dem Fenster eine kurze Liste an die Wand geschrieben:"
25: "Montags das Messing polieren."
  1961..1990 "Montags das Messing polieren."
26: "Vor der Dämmerung das Öl prüfen."
  1993..2028 "Vor der Dämmerung das Öl prüfen."
27: "Um Mitternacht das Wetter ins Logbuch eintragen."
  2031..2079 "Um Mitternacht das Wetter ins Logbuch eintragen."
28: "Er hatte nie einen Eintrag versäumt."
  2081..2118 "Er hatte nie einen Eintrag versäumt."
29: "Das Logbuch füllte vierzig Regale im Keller, und die ältesten Bände hatte ein Wärter geschrieben, an dessen Namen sich niemand erinnerte."
  2119..2260 "Das Logbuch füllte vierzig Regale im Keller, und die ältesten Bände hatte ein Wärter geschrieben, an dessen Namen sich niemand erinnerte."
30: "Prof. Lange von der Universität wollte sie untersuchen, aber Herr Brandt sagte, die Bücher gehörten der Lampe und nicht der Stadt."
  2261..2394 "Prof. Lange von der Universität wollte sie untersuchen, aber Herr Brandt sagte, die Bücher gehörten der Lampe und nicht der Stadt."
31: "Gegen Mitternacht war der Wind stärker geworden."
  2396..2445 "Gegen Mitternacht war der Wind stärker geworden."
32: "Die Wellen brachen mit einem Geräusch wie fernem Donner an den Felsen."
  2446..2517 "Die Wellen brachen mit einem Geräusch wie fernem Donner an den Felsen."
33: "Dr. Weber stand am Glas und sah zu, wie die Gischt die Klippe hinaufkroch, und für einen Augenblick fühlte sie sich sehr klein."
  2518..2647 "Dr. Weber stand am Glas und sah zu, wie die Gischt die Klippe hinaufkroch, und für einen Augenblick fühlte sie sich sehr klein."
34: "\"Macht es Ihnen nie Angst?\", fragte sie."
  2648..2688 "\"Macht es Ihnen nie Angst?\", fragte sie."
35: "\"Nur wenn er aufhört\", sagte er und lächelte zum ersten Mal an diesem Tag."
  2689..2765 "\"Nur wenn er aufhört\", sagte er und lächelte zum ersten Mal an diesem Tag."
36: "Am Morgen war der Sturm vorbei."
  2767..2798 "Am Morgen war der Sturm vorbei."
37: "Der Himmel war blass und klar, und die Möwen waren zurück auf dem Dach."
  2799..2872 "Der Himmel war blass und klar, und die Möwen waren zurück auf dem Dach."
38: "Herr Brandt ging hinunter zum Strand und hob ein Stück grünes Glas auf, das das Meer glatt geschliffen hatte."
  2873..2984 "Herr Brandt ging hinunter zum Strand und hob ein Stück grünes Glas auf, das das Meer glatt geschliffen hatte."
39: "Er steckte es in die Tasche, neben den Brief, und dachte, dass sich die Insel länger an ihn erinnern würde als an jede Maschine."
  2985..3115 "Er steckte es in die Tasche, neben den Brief, und dachte, dass sich die Insel länger an ihn erinnern würde als an jede Maschine."
