---
source: crates/text/tests/prepare/snapshots.rs
expression: "snapshot(MARKDOWN, Language::En)"
---
0: "Field Notes"
  2..13 "Field Notes"
1: "The first paragraph has emphasis, strong text and struck text in one line."
  15..99 "The first paragraph has *emphasis*, **strong text** and ~~struck text~~ in one line."
2: "It also has a link to the guide and an autolink that Antenna drops."
  100..222 "It also has a [link to the guide](https://example.com/guide) and an autolink <https://example.com/raw> that Antenna drops."
3: "A soft break joins this line to the line before it, and a hard break starts a new line inside the same paragraph."
  223..338 "A soft break joins this line to the line before it, and a hard break  \nstarts a new line inside the same paragraph."
4: "Use cargo run to start the tool."
  378..412 "Use `cargo run` to start the tool."
5: "The text 3.14 is a number stays in the speech."
  413..461 "The text `3.14 is a number` stays in the speech."
6: "Lists and quotes"
  466..482 "Lists and quotes"
7: "First item of the list."
  486..509 "First item of the list."
8: "Second item with a nested list:"
  512..543 "Second item with a nested list:"
9: "Nested item one."
  548..564 "Nested item one."
10: "Nested item two."
  569..585 "Nested item two."
11: "Third item of the list."
  588..611 "Third item of the list."
12: "Open the door."
  616..630 "Open the door."
13: "Climb the stair."
  634..650 "Climb the stair."
14: "A block quote has its own paragraph."
  654..690 "A block quote has its own paragraph."
15: "It can hold more than one sentence."
  691..726 "It can hold more than one sentence."
16: "A second quoted paragraph follows."
  731..765 "A second quoted paragraph follows."
17: "Code and markup"
  775..790 "Code and markup"
18: "Inline HTML tags are silent, but the text between them stays."
  961..1029 "Inline <b>HTML</b> tags are silent, but the text between them stays."
19: "Entities such as & and © and escapes such as * stay readable."
  1030..1101 "Entities such as &amp; and &copy; and escapes such as \\* stay readable."
20: "Name"
  1105..1109 "Name"
21: "Value"
  1112..1117 "Value"
22: "Height"
  1139..1145 "Height"
23: "31.5 metres"
  1148..1159 "31.5 metres"
24: "Period"
  1164..1170 "Period"
25: "12.5 seconds"
  1173..1185 "12.5 seconds"
26: "The last paragraph closes the notes, and it is short."
  1189..1242 "The last paragraph closes the notes, and it is short."
