---
source: crates/text/tests/prepare/snapshots.rs
expression: "snapshot(fixture(Language::Pt), Language::Pt)"
---
0: "O Faroleiro"
  2..13 "O Faroleiro"
1: "Quando as tempestades de outono finalmente chegaram à costa norte da ilha, o velho faroleiro subiu pela última vez naquele ano a longa escada em espiral, e contou cada degrau como fazia desde menino."
  15..216 "Quando as tempestades de outono finalmente chegaram à costa norte da ilha, o velho faroleiro subiu pela última vez naquele ano a longa escada em espiral, e contou cada degrau como fazia desde menino."
2: "O Sr. Almeida cuidava da luz havia quarenta anos."
  217..266 "O Sr. Almeida cuidava da luz havia quarenta anos."
3: "Conhecia cada rachadura da pedra e cada vibração do vidro."
  267..327 "Conhecia cada rachadura da pedra e cada vibração do vidro."
4: "O mar daquela noite estava cinzento e pesado, e o vento trazia o cheiro do sal e das cordas molhadas pelos penhascos."
  328..445 "O mar daquela noite estava cinzento e pesado, e o vento trazia o cheiro do sal e das cordas molhadas pelos penhascos."
5: "A Dra. Teixeira chegou do continente na balsa da manhã."
  447..503 "A Dra. Teixeira chegou do continente na balsa da manhã."
6: "Trazia uma pequena bolsa de couro e uma carta da capitania do porto."
  504..572 "Trazia uma pequena bolsa de couro e uma carta da capitania do porto."
7: "\"O senhor deve ser o médico\", disse o Sr. Almeida, e segurou a porta contra o vento."
  573..658 "\"O senhor deve ser o médico\", disse o Sr. Almeida, e segurou a porta contra o vento."
8: "\"Sou eu\", respondeu ela."
  659..683 "\"Sou eu\", respondeu ela."
9: "\"Vim assim que pude.\""
  684..705 "\"Vim assim que pude.\""
10: "Os dois sentaram junto ao fogão enquanto a chaleira começava a cantar."
  706..778 "Os dois sentaram junto ao fogão enquanto a chaleira começava a cantar."
11: "A carta era curta."
  780..798 "A carta era curta."
12: "Dizia que logo uma luz automática substituiria a lâmpada, e que o faroleiro se aposentaria no fim da temporada."
  799..912 "Dizia que logo uma luz automática substituiria a lâmpada, e que o faroleiro se aposentaria no fim da temporada."
13: "O Sr. Almeida leu duas vezes e dobrou pelos vincos antigos."
  913..972 "O Sr. Almeida leu duas vezes e dobrou pelos vincos antigos."
14: "Ficou calado por muito tempo."
  973..1002 "Ficou calado por muito tempo."
15: "Depois perguntou pelo tempo no mar, porque era a única coisa que lhe importava."
  1003..1083 "Depois perguntou pelo tempo no mar, porque era a única coisa que lhe importava."
16: "A torre tinha exatamente 31,5 metros de altura, e a lâmpada dava uma volta a cada 12,5 segundos."
  1085..1182 "A torre tinha exatamente 31,5 metros de altura, e a lâmpada dava uma volta a cada 12,5 segundos."
17: "A Dra. Teixeira mediu a escada com uma fita e anotou os números num caderno."
  1183..1260 "A Dra. Teixeira mediu a escada com uma fita e anotou os números num caderno."
18: "Ela gostava de números, e gostava de como eles continuavam iguais quando tudo mais mudava."
  1261..1352 "Ela gostava de números, e gostava de como eles continuavam iguais quando tudo mais mudava."
19: "Pi, disse ela, vale cerca de 3,14, e nenhuma tempestade vai mudar isso."
  1353..1424 "Pi, disse ela, vale cerca de 3,14, e nenhuma tempestade vai mudar isso."
20: "Depois do jantar subiram juntos à sala da lanterna."
  1426..1478 "Depois do jantar subiram juntos à sala da lanterna."
21: "A lente era alta como um homem e brilhava como um bloco de gelo."
  1479..1543 "A lente era alta como um homem e brilhava como um bloco de gelo."
22: "A Sra. Barros, a cozinheira, tinha mandado uma cesta com pão, queijo e maçãs, e comeram em silêncio enquanto o feixe percorria a água escura."
  1544..1690 "A Sra. Barros, a cozinheira, tinha mandado uma cesta com pão, queijo e maçãs, e comeram em silêncio enquanto o feixe percorria a água escura."
23: "Lá embaixo, um pequeno barco de pesca seguia para o porto."
  1691..1750 "Lá embaixo, um pequeno barco de pesca seguia para o porto."
24: "O faroleiro mantinha uma lista curta na parede, ao lado da janela:"
  1752..1818 "O faroleiro mantinha uma lista curta na parede, ao lado da janela:"
25: "Polir o bronze toda segunda-feira."
  1822..1856 "Polir o bronze toda segunda-feira."
26: "Verificar o óleo antes do anoitecer."
  1859..1896 "Verificar o óleo antes do anoitecer."
27: "Anotar o tempo no diário à meia-noite."
  1899..1939 "Anotar o tempo no diário à meia-noite."
28: "Ele nunca tinha esquecido uma anotação."
  1941..1982 "Ele nunca tinha esquecido uma anotação."
29: "O diário enchia quarenta prateleiras no porão, e os livros mais antigos foram escritos por um faroleiro cujo nome ninguém lembrava."
  1983..2117 "O diário enchia quarenta prateleiras no porão, e os livros mais antigos foram escritos por um faroleiro cujo nome ninguém lembrava."
30: "O Prof. Siqueira, da universidade, queria estudá-los, mas o Sr. Almeida disse que os livros pertenciam à lâmpada e não à cidade."
  2118..2251 "O Prof. Siqueira, da universidade, queria estudá-los, mas o Sr. Almeida disse que os livros pertenciam à lâmpada e não à cidade."
31: "À meia-noite o vento tinha ficado mais forte."
  2253..2299 "À meia-noite o vento tinha ficado mais forte."
32: "As ondas quebravam contra as rochas com um som de trovão distante."
  2300..2367 "As ondas quebravam contra as rochas com um som de trovão distante."
33: "A Dra. Teixeira ficou junto ao vidro vendo a espuma subir pelo penhasco, e por um instante se sentiu muito pequena."
  2368..2483 "A Dra. Teixeira ficou junto ao vidro vendo a espuma subir pelo penhasco, e por um instante se sentiu muito pequena."
34: "\"O senhor nunca tem medo?\", perguntou."
  2484..2522 "\"O senhor nunca tem medo?\", perguntou."
35: "\"Só quando ele para\", disse ele, e sorriu pela primeira vez naquele dia."
  2523..2596 "\"Só quando ele para\", disse ele, e sorriu pela primeira vez naquele dia."
36: "De manhã a tempestade tinha passado."
  2598..2635 "De manhã a tempestade tinha passado."
37: "O céu estava pálido e limpo, e as gaivotas tinham voltado ao telhado."
  2636..2707 "O céu estava pálido e limpo, e as gaivotas tinham voltado ao telhado."
38: "O Sr. Almeida desceu até a praia e pegou um pedaço de vidro verde que o mar havia polido."
  2708..2799 "O Sr. Almeida desceu até a praia e pegou um pedaço de vidro verde que o mar havia polido."
39: "Guardou-o no bolso, ao lado da carta, e pensou que a ilha se lembraria dele por mais tempo do que qualquer máquina."
  2800..2916 "Guardou-o no bolso, ao lado da carta, e pensou que a ilha se lembraria dele por mais tempo do que qualquer máquina."
