---
source: crates/text/tests/prepare/snapshots.rs
expression: "snapshot(fixture(Language::It), Language::It)"
---
0: "Il Guardiano del Faro"
  2..23 "Il Guardiano del Faro"
1: "Quando le tempeste d'autunno raggiunsero finalmente la costa settentrionale dell'isola, il vecchio guardiano salì per l'ultima volta quell'anno la lunga scala a chiocciola, e contò ogni gradino come faceva fin da bambino."
  25..248 "Quando le tempeste d'autunno raggiunsero finalmente la costa settentrionale dell'isola, il vecchio guardiano salì per l'ultima volta quell'anno la lunga scala a chiocciola, e contò ogni gradino come faceva fin da bambino."
2: "Il Sig. Moretti badava alla luce da quarant'anni."
  249..298 "Il Sig. Moretti badava alla luce da quarant'anni."
3: "Conosceva ogni crepa della pietra e ogni vibrazione del vetro."
  299..361 "Conosceva ogni crepa della pietra e ogni vibrazione del vetro."
4: "Il mare di quella notte era grigio e pesante, e il vento portava l'odore del sale e delle corde bagnate lungo le scogliere."
  362..485 "Il mare di quella notte era grigio e pesante, e il vento portava l'odore del sale e delle corde bagnate lungo le scogliere."
5: "La Dott. Ferrari arrivò dalla terraferma con il traghetto del mattino."
  487..558 "La Dott. Ferrari arrivò dalla terraferma con il traghetto del mattino."
6: "Portava una piccola borsa di cuoio e una lettera della capitaneria di porto."
  559..635 "Portava una piccola borsa di cuoio e una lettera della capitaneria di porto."
7: "\"Lei deve essere il medico\", disse il Sig. Moretti, e tenne la porta contro il vento."
  636..721 "\"Lei deve essere il medico\", disse il Sig. Moretti, e tenne la porta contro il vento."
8: "\"Sono io\", rispose lei."
  722..745 "\"Sono io\", rispose lei."
9: "\"Sono venuta appena ho potuto.\""
  746..777 "\"Sono venuta appena ho potuto.\""
10: "I due si sedettero accanto alla stufa mentre il bollitore cominciava a cantare."
  778..857 "I due si sedettero accanto alla stufa mentre il bollitore cominciava a cantare."
11: "La lettera era breve."
  859..880 "La lettera era breve."
12: "Diceva che presto una luce automatica avrebbe sostituito la lampada, e che il guardiano sarebbe andato in pensione alla fine della stagione."
  881..1021 "Diceva che presto una luce automatica avrebbe sostituito la lampada, e che il guardiano sarebbe andato in pensione alla fine della stagione."
13: "Il Sig. Moretti la lesse due volte e la ripiegò lungo le vecchie pieghe."
  1022..1095 "Il Sig. Moretti la lesse due volte e la ripiegò lungo le vecchie pieghe."
14: "Rimase in silenzio per molto tempo."
  1096..1131 "Rimase in silenzio per molto tempo."
15: "Poi chiese del tempo sull'acqua, perché era l'unica cosa che gli importava."
  1132..1208 "Poi chiese del tempo sull'acqua, perché era l'unica cosa che gli importava."
16: "La torre era alta esattamente 31,5 metri, e la lampada compiva un giro ogni 12,5 secondi."
  1210..1299 "La torre era alta esattamente 31,5 metri, e la lampada compiva un giro ogni 12,5 secondi."
17: "La Dott. Ferrari misurò la scala con un metro e scrisse i numeri su un taccuino."
  1300..1381 "La Dott. Ferrari misurò la scala con un metro e scrisse i numeri su un taccuino."
18: "Le piacevano i numeri, e le piaceva che restassero uguali quando tutto il resto cambiava."
  1382..1471 "Le piacevano i numeri, e le piaceva che restassero uguali quando tutto il resto cambiava."
19: "Pi greco, disse, vale circa 3,14, e nessuna tempesta lo cambierà mai."
  1472..1542 "Pi greco, disse, vale circa 3,14, e nessuna tempesta lo cambierà mai."
20: "Dopo cena salirono insieme alla sala della lanterna."
  1544..1596 "Dopo cena salirono insieme alla sala della lanterna."
21: "La lente era alta come un uomo e brillava come un blocco di ghiaccio."
  1597..1666 "La lente era alta come un uomo e brillava come un blocco di ghiaccio."
22: "La Sig. Bianchi, la cuoca, aveva mandato un cestino con pane, formaggio e mele, e mangiarono in silenzio mentre il fascio di luce percorreva l'acqua scura."
  1667..1822 "La Sig. Bianchi, la cuoca, aveva mandato un cestino con pane, formaggio e mele, e mangiarono in silenzio mentre il fascio di luce percorreva l'acqua scura."
23: "Molto più in basso, un piccolo peschereccio puntava verso il porto."
  1823..1891 "Molto più in basso, un piccolo peschereccio puntava verso il porto."
24: "Il guardiano teneva una breve lista sul muro, accanto alla finestra:"
  1893..1961 "Il guardiano teneva una breve lista sul muro, accanto alla finestra:"
25: "Lucidare l'ottone ogni lunedì."
  1965..1996 "Lucidare l'ottone ogni lunedì."
26: "Controllare l'olio prima del tramonto."
  1999..2037 "Controllare l'olio prima del tramonto."
27: "Annotare il tempo sul diario a mezzanotte."
  2040..2082 "Annotare il tempo sul diario a mezzanotte."
28: "Non aveva mai dimenticato una sola annotazione."
  2084..2131 "Non aveva mai dimenticato una sola annotazione."
29: "Il diario riempiva quaranta scaffali in cantina, e i libri più vecchi erano stati scritti da un guardiano di cui nessuno ricordava il nome."
  2132..2272 "Il diario riempiva quaranta scaffali in cantina, e i libri più vecchi erano stati scritti da un guardiano di cui nessuno ricordava il nome."
30: "Il Prof. Conti, dell'università, voleva studiarli, ma il Sig. Moretti disse che i libri appartenevano alla lampada e non alla città."
  2273..2407 "Il Prof. Conti, dell'università, voleva studiarli, ma il Sig. Moretti disse che i libri appartenevano alla lampada e non alla città."
31: "A mezzanotte il vento si era fatto più forte."
  2409..2455 "A mezzanotte il vento si era fatto più forte."
32: "Le onde si infrangevano sulle rocce con un rumore di tuono lontano."
  2456..2523 "Le onde si infrangevano sulle rocce con un rumore di tuono lontano."
33: "La Dott. Ferrari rimase accanto al vetro a guardare la schiuma salire sulla scogliera, e per un attimo si sentì molto piccola."
  2524..2651 "La Dott. Ferrari rimase accanto al vetro a guardare la schiuma salire sulla scogliera, e per un attimo si sentì molto piccola."
34: "\"Non le fa mai paura?\", chiese."
  2652..2683 "\"Non le fa mai paura?\", chiese."
35: "\"Solo quando si ferma\", disse lui, e sorrise per la prima volta quel giorno."
  2684..2760 "\"Solo quando si ferma\", disse lui, e sorrise per la prima volta quel giorno."
36: "Al mattino la tempesta era passata."
  2762..2797 "Al mattino la tempesta era passata."
37: "Il cielo era pallido e pulito, e i gabbiani erano tornati sul tetto."
  2798..2866 "Il cielo era pallido e pulito, e i gabbiani erano tornati sul tetto."
38: "Il Sig. Moretti scese fino alla riva e raccolse un pezzo di vetro verde che il mare aveva levigato."
  2867..2966 "Il Sig. Moretti scese fino alla riva e raccolse un pezzo di vetro verde che il mare aveva levigato."
39: "Se lo mise in tasca, accanto alla lettera, e pensò che l'isola si sarebbe ricordata di lui più a lungo di qualsiasi macchina."
  2967..3094 "Se lo mise in tasca, accanto alla lettera, e pensò che l'isola si sarebbe ricordata di lui più a lungo di qualsiasi macchina."
