---
source: crates/text/tests/prepare/snapshots.rs
expression: "snapshot(fixture(Language::Fr), Language::Fr)"
---
0: "Le Gardien du Phare"
  2..21 "Le Gardien du Phare"
1: "Quand les tempêtes d'automne atteignirent enfin la côte nord de l'île, le vieux gardien monta pour la dernière fois de l'année le long escalier en colimaçon, et il compta chaque marche comme il le faisait depuis son enfance."
  23..253 "Quand les tempêtes d'automne atteignirent enfin la côte nord de l'île, le vieux gardien monta pour la dernière fois de l'année le long escalier en colimaçon, et il compta chaque marche comme il le faisait depuis son enfance."
2: "M. Lambert veillait sur la lumière depuis quarante ans."
  254..310 "M. Lambert veillait sur la lumière depuis quarante ans."
3: "Il connaissait chaque fissure de la pierre et chaque vibration du verre."
  311..383 "Il connaissait chaque fissure de la pierre et chaque vibration du verre."
4: "La mer de cette nuit était grise et lourde, et le vent portait l'odeur du sel et des cordages mouillés le long des falaises."
  384..510 "La mer de cette nuit était grise et lourde, et le vent portait l'odeur du sel et des cordages mouillés le long des falaises."
5: "Le Dr. Marchand arriva du continent par le bateau du matin."
  512..571 "Le Dr. Marchand arriva du continent par le bateau du matin."
6: "Il portait un petit sac de cuir et une lettre du bureau du port. \"Vous devez être le médecin\", dit M. Lambert, et il retint la porte contre le vent. \"C'est bien moi\", répondit-il. \"Je suis venu dès que j'ai pu.\""
  572..787 "Il portait un petit sac de cuir et une lettre du bureau du port. \"Vous devez être le médecin\", dit M. Lambert, et il retint la porte contre le vent. \"C'est bien moi\", répondit-il. \"Je suis venu dès que j'ai pu.\""
7: "Les deux hommes s'assirent près du poêle pendant que la bouilloire commençait à chanter."
  788..880 "Les deux hommes s'assirent près du poêle pendant que la bouilloire commençait à chanter."
8: "La lettre était courte."
  882..906 "La lettre était courte."
9: "Elle disait qu'une lumière automatique remplacerait bientôt la lampe, et que le gardien prendrait sa retraite à la fin de la saison."
  907..1042 "Elle disait qu'une lumière automatique remplacerait bientôt la lampe, et que le gardien prendrait sa retraite à la fin de la saison."
10: "M. Lambert la lut deux fois et la plia le long des anciens plis."
  1043..1107 "M. Lambert la lut deux fois et la plia le long des anciens plis."
11: "Il resta silencieux très longtemps."
  1108..1144 "Il resta silencieux très longtemps."
12: "Puis il demanda le temps qu'il faisait sur l'eau, car c'était la seule chose qui comptait pour lui."
  1145..1245 "Puis il demanda le temps qu'il faisait sur l'eau, car c'était la seule chose qui comptait pour lui."
13: "La tour mesurait exactement 31,5 mètres de haut, et la lampe tournait une fois toutes les 12,5 secondes."
  1247..1352 "La tour mesurait exactement 31,5 mètres de haut, et la lampe tournait une fois toutes les 12,5 secondes."
14: "Le Dr. Marchand mesura l'escalier avec un ruban et nota les chiffres dans un carnet."
  1353..1437 "Le Dr. Marchand mesura l'escalier avec un ruban et nota les chiffres dans un carnet."
15: "Il aimait les nombres, et il aimait qu'ils restent les mêmes quand tout le reste change."
  1438..1527 "Il aimait les nombres, et il aimait qu'ils restent les mêmes quand tout le reste change."
16: "Pi, dit-il, vaut environ 3,14, et aucune tempête ne changera cela."
  1528..1595 "Pi, dit-il, vaut environ 3,14, et aucune tempête ne changera cela."
17: "Après le dîner, ils montèrent ensemble dans la salle de la lanterne."
  1597..1668 "Après le dîner, ils montèrent ensemble dans la salle de la lanterne."
18: "La lentille était aussi haute qu'un homme et brillait comme un bloc de glace."
  1669..1747 "La lentille était aussi haute qu'un homme et brillait comme un bloc de glace."
19: "Mlle. Girard, la cuisinière, avait envoyé un panier de pain, de fromage et de pommes, et ils mangèrent en silence pendant que le faisceau balayait l'eau sombre."
  1748..1911 "Mlle. Girard, la cuisinière, avait envoyé un panier de pain, de fromage et de pommes, et ils mangèrent en silence pendant que le faisceau balayait l'eau sombre."
20: "Tout en bas, un petit bateau de pêche rentrait vers le port."
  1912..1973 "Tout en bas, un petit bateau de pêche rentrait vers le port."
21: "Le gardien gardait une courte liste sur le mur, près de la fenêtre :"
  1975..2045 "Le gardien gardait une courte liste sur le mur, près de la fenêtre :"
22: "Frotter le laiton chaque lundi."
  2049..2080 "Frotter le laiton chaque lundi."
23: "Vérifier l'huile avant la tombée de la nuit."
  2083..2129 "Vérifier l'huile avant la tombée de la nuit."
24: "Noter le temps dans le journal à minuit."
  2132..2173 "Noter le temps dans le journal à minuit."
25: "Il n'avait jamais oublié une seule note."
  2175..2216 "Il n'avait jamais oublié une seule note."
26: "Le journal remplissait quarante étagères dans la cave, et les plus vieux livres avaient été écrits par un gardien dont personne ne se rappelait le nom."
  2217..2373 "Le journal remplissait quarante étagères dans la cave, et les plus vieux livres avaient été écrits par un gardien dont personne ne se rappelait le nom."
27: "Le Pr. Moreau, de l'université, voulait les étudier, mais M. Lambert dit que les livres appartenaient à la lampe et non à la ville."
  2374..2509 "Le Pr. Moreau, de l'université, voulait les étudier, mais M. Lambert dit que les livres appartenaient à la lampe et non à la ville."
28: "À minuit, le vent s'était renforcé."
  2511..2549 "À minuit, le vent s'était renforcé."
29: "Les vagues se brisaient sur les rochers avec un bruit de tonnerre lointain."
  2550..2625 "Les vagues se brisaient sur les rochers avec un bruit de tonnerre lointain."
30: "Le Dr. Marchand resta près de la vitre à regarder l'écume grimper sur la falaise, et un instant il se sentit très petit. \"Cela ne vous fait jamais peur ?\", demanda-t-il. \"Seulement quand il s'arrête\", dit le gardien, et il sourit pour la première fois ce jour-là."
  2626..2896 "Le Dr. Marchand resta près de la vitre à regarder l'écume grimper sur la falaise, et un instant il se sentit très petit. \"Cela ne vous fait jamais peur ?\", demanda-t-il. \"Seulement quand il s'arrête\", dit le gardien, et il sourit pour la première fois ce jour-là."
31: "Le matin, la tempête était partie."
  2898..2934 "Le matin, la tempête était partie."
32: "Le ciel était pâle et propre, et les mouettes étaient revenues sur le toit."
  2935..3013 "Le ciel était pâle et propre, et les mouettes étaient revenues sur le toit."
33: "M. Lambert descendit jusqu'au rivage et ramassa un morceau de verre vert que la mer avait poli."
  3014..3109 "M. Lambert descendit jusqu'au rivage et ramassa un morceau de verre vert que la mer avait poli."
34: "Il le glissa dans sa poche, à côté de la lettre, et il pensa que l'île se souviendrait de lui plus longtemps que n'importe quelle machine."
  3110..3252 "Il le glissa dans sa poche, à côté de la lettre, et il pensa que l'île se souviendrait de lui plus longtemps que n'importe quelle machine."
