---
source: crates/text/tests/prepare/snapshots.rs
expression: "snapshot(fixture(Language::Es), Language::Es)"
---
0: "El Guardián del Faro"
  2..23 "El Guardián del Faro"
1: "Cuando las tormentas de otoño llegaron por fin a la costa norte de la isla, el viejo guardián subió por última vez aquel año la larga escalera de caracol, y contó cada peldaño como lo hacía desde niño."
  25..235 "Cuando las tormentas de otoño llegaron por fin a la costa norte de la isla, el viejo guardián subió por última vez aquel año la larga escalera de caracol, y contó cada peldaño como lo hacía desde niño."
2: "El Sr. Herrera había cuidado la luz durante cuarenta años."
  236..296 "El Sr. Herrera había cuidado la luz durante cuarenta años."
3: "Conocía cada grieta de la piedra y cada vibración del cristal."
  297..361 "Conocía cada grieta de la piedra y cada vibración del cristal."
4: "El mar de aquella noche era gris y pesado, y el viento traía el olor de la sal y de las cuerdas mojadas por los acantilados."
  362..487 "El mar de aquella noche era gris y pesado, y el viento traía el olor de la sal y de las cuerdas mojadas por los acantilados."
5: "La Dra. Ortega llegó desde el continente en el transbordador de la mañana."
  489..565 "La Dra. Ortega llegó desde el continente en el transbordador de la mañana."
6: "Llevaba un pequeño bolso de cuero y una carta de la oficina del puerto."
  566..638 "Llevaba un pequeño bolso de cuero y una carta de la oficina del puerto."
7: "\"Usted debe de ser la doctora\", dijo el Sr. Herrera, y sostuvo la puerta contra el viento."
  639..729 "\"Usted debe de ser la doctora\", dijo el Sr. Herrera, y sostuvo la puerta contra el viento."
8: "\"Así es\", respondió ella."
  730..757 "\"Así es\", respondió ella."
9: "\"Vine tan pronto como pude.\""
  758..786 "\"Vine tan pronto como pude.\""
10: "Los dos se sentaron junto a la estufa mientras la tetera empezaba a cantar."
  787..862 "Los dos se sentaron junto a la estufa mientras la tetera empezaba a cantar."
11: "La carta era breve."
  864..883 "La carta era breve."
12: "Decía que pronto una luz automática reemplazaría a la lámpara, y que el guardián se retiraría al final de la temporada."
  884..1009 "Decía que pronto una luz automática reemplazaría a la lámpara, y que el guardián se retiraría al final de la temporada."
13: "El Sr. Herrera la leyó dos veces y la dobló por los pliegues antiguos."
  1010..1082 "El Sr. Herrera la leyó dos veces y la dobló por los pliegues antiguos."
14: "Estuvo callado durante un largo rato."
  1083..1120 "Estuvo callado durante un largo rato."
15: "Después preguntó por el tiempo en el agua, porque era lo único que le importaba."
  1121..1204 "Después preguntó por el tiempo en el agua, porque era lo único que le importaba."
16: "La torre medía exactamente 31,5 metros de altura, y la lámpara daba una vuelta cada 12,5 segundos."
  1206..1306 "La torre medía exactamente 31,5 metros de altura, y la lámpara daba una vuelta cada 12,5 segundos."
17: "La Dra. Ortega midió la escalera con una cinta y anotó los números en un cuaderno."
  1307..1392 "La Dra. Ortega midió la escalera con una cinta y anotó los números en un cuaderno."
18: "Le gustaban los números, y le gustaba que siguieran iguales cuando todo lo demás cambiaba."
  1393..1485 "Le gustaban los números, y le gustaba que siguieran iguales cuando todo lo demás cambiaba."
19: "Pi, dijo ella, vale más o menos 3,14, y ninguna tormenta lo cambiará jamás."
  1486..1564 "Pi, dijo ella, vale más o menos 3,14, y ninguna tormenta lo cambiará jamás."
20: "Después de la cena subieron juntos a la sala de la linterna."
  1566..1627 "Después de la cena subieron juntos a la sala de la linterna."
21: "La lente era tan alta como un hombre y brillaba como un bloque de hielo."
  1628..1700 "La lente era tan alta como un hombre y brillaba como un bloque de hielo."
22: "La Sra. Molina, la cocinera, había mandado una cesta con pan, queso y manzanas, y comieron en silencio mientras el haz recorría el agua oscura."
  1701..1846 "La Sra. Molina, la cocinera, había mandado una cesta con pan, queso y manzanas, y comieron en silencio mientras el haz recorría el agua oscura."
23: "Muy abajo, un pequeño barco de pesca se dirigía al puerto."
  1847..1907 "Muy abajo, un pequeño barco de pesca se dirigía al puerto."
24: "El guardián tenía una lista corta en la pared, junto a la ventana:"
  1909..1977 "El guardián tenía una lista corta en la pared, junto a la ventana:"
25: "Pulir el bronce todos los lunes."
  1981..2013 "Pulir el bronce todos los lunes."
26: "Revisar el aceite antes del anochecer."
  2016..2054 "Revisar el aceite antes del anochecer."
27: "Anotar el tiempo en el diario a medianoche."
  2057..2100 "Anotar el tiempo en el diario a medianoche."
28: "Nunca había olvidado una anotación."
  2102..2139 "Nunca había olvidado una anotación."
29: "El diario llenaba cuarenta estantes en el sótano, y los libros más antiguos los escribió un guardián cuyo nombre nadie recordaba."
  2140..2273 "El diario llenaba cuarenta estantes en el sótano, y los libros más antiguos los escribió un guardián cuyo nombre nadie recordaba."
30: "El Prof. Vargas, de la universidad, quería estudiarlos, pero el Sr. Herrera dijo que los libros pertenecían a la lámpara y no al pueblo."
  2274..2413 "El Prof. Vargas, de la universidad, quería estudiarlos, pero el Sr. Herrera dijo que los libros pertenecían a la lámpara y no al pueblo."
31: "A medianoche el viento se había vuelto más fuerte."
  2415..2467 "A medianoche el viento se había vuelto más fuerte."
32: "Las olas rompían contra las rocas con un ruido de trueno lejano."
  2468..2533 "Las olas rompían contra las rocas con un ruido de trueno lejano."
33: "La Dra. Ortega se quedó junto al cristal mirando cómo la espuma subía por el acantilado, y por un momento se sintió muy pequeña."
  2534..2667 "La Dra. Ortega se quedó junto al cristal mirando cómo la espuma subía por el acantilado, y por un momento se sintió muy pequeña."
34: "\"¿Alguna vez le da miedo?\", preguntó."
  2668..2707 "\"¿Alguna vez le da miedo?\", preguntó."
35: "\"Solo cuando se detiene\", dijo él, y sonrió por primera vez ese día."
  2708..2779 "\"Solo cuando se detiene\", dijo él, y sonrió por primera vez ese día."
36: "Por la mañana la tormenta se había ido."
  2781..2822 "Por la mañana la tormenta se había ido."
37: "El cielo estaba pálido y limpio, y las gaviotas habían vuelto al tejado."
  2823..2897 "El cielo estaba pálido y limpio, y las gaviotas habían vuelto al tejado."
38: "El Sr. Herrera bajó hasta la orilla y recogió un trozo de vidrio verde que el mar había pulido."
  2898..2996 "El Sr. Herrera bajó hasta la orilla y recogió un trozo de vidrio verde que el mar había pulido."
39: "Se lo guardó en el bolsillo, junto a la carta, y pensó que la isla lo recordaría más tiempo que cualquier máquina."
  2997..3116 "Se lo guardó en el bolsillo, junto a la carta, y pensó que la isla lo recordaría más tiempo que cualquier máquina."
